---
source: src/main.rs
expression: srt
snapshot_kind: text
---
1
00:01:26,168 --> 00:01:27,878
(ALL CHANTING IN LATIN)

2
00:01:47,940 --> 00:01:49,358
(CHANTING CONTINUES)

3
00:02:05,916 --> 00:02:06,917
(DRILL WHIRRING)

4
00:02:29,398 --> 00:02:31,233
MAN 1: What the hell is this?
